../Lcd1602_i2c/Src/lcd1602_i2c.c:58:22:Lcd1602GetInterfaceType	4	static
../Lcd1602_i2c/Src/lcd1602_i2c.c:64:6:Lcd1602SetInterfaceType	16	static
../Lcd1602_i2c/Src/lcd1602_i2c.c:70:6:Lcd1602Configure	24	static
../Lcd1602_i2c/Src/lcd1602_i2c.c:82:6:Lcd1602ConfigureI2C	24	static
../Lcd1602_i2c/Src/lcd1602_i2c.c:89:6:Lcd1602Configure4Bits	32	static
../Lcd1602_i2c/Src/lcd1602_i2c.c:96:6:Lcd1602Configure8Bits	32	static
../Lcd1602_i2c/Src/lcd1602_i2c.c:103:6:Lcd1602Initialize	8	static
../Lcd1602_i2c/Src/lcd1602_i2c.c:152:6:Lcd1602InitializeThrougPCF8574T	8	static
../Lcd1602_i2c/Src/lcd1602_i2c.c:162:6:Lcd1602SwitchDisplayOnOffThrougPCF8574T	32	static
../Lcd1602_i2c/Src/lcd1602_i2c.c:181:6:Lcd1602SendByteThrougPCF8574T	32	static
../Lcd1602_i2c/Src/lcd1602_i2c.c:188:6:Lcd1602SetDataBusSize	16	static
../Lcd1602_i2c/Src/lcd1602_i2c.c:194:6:Lcd1602ConfigureDataBus	24	static
../Lcd1602_i2c/Src/lcd1602_i2c.c:203:6:Lcd1602ConfigureRS	16	static
../Lcd1602_i2c/Src/lcd1602_i2c.c:210:6:Lcd1602ConfigureE	16	static
../Lcd1602_i2c/Src/lcd1602_i2c.c:217:6:Lcd1602SetDataBusAndWrite	24	static
../Lcd1602_i2c/Src/lcd1602_i2c.c:233:6:Lcd1602SelectCommandDataRegister	16	static
../Lcd1602_i2c/Src/lcd1602_i2c.c:239:6:Lcd1602WriteByteToRegister	16	static
../Lcd1602_i2c/Src/lcd1602_i2c.c:276:6:Lcd1602EnableToTransmitThroughPCF8574T	24	static
../Lcd1602_i2c/Src/lcd1602_i2c.c:287:6:Lcd1602Send2PausedNibblesThroughPCF8574T	32	static
../Lcd1602_i2c/Src/lcd1602_i2c.c:299:6:Lcd1602Send2NibblesThroughPCF8574T	32	static
../Lcd1602_i2c/Src/lcd1602_i2c.c:310:6:Lcd1602SendCommandThroughPCF8574T	16	static
../Lcd1602_i2c/Src/lcd1602_i2c.c:317:6:Lcd1602SendDataThroughPCF8574T	16	static
../Lcd1602_i2c/Src/lcd1602_i2c.c:323:6:Lcd1602SendCommand	16	static
../Lcd1602_i2c/Src/lcd1602_i2c.c:336:6:Lcd1602SendDataByte	16	static
../Lcd1602_i2c/Src/lcd1602_i2c.c:349:6:Lcd1602Write2NibblesToCommandRegister	16	static
../Lcd1602_i2c/Src/lcd1602_i2c.c:360:6:Lcd1602WriteByteToCommandRegister	16	static
../Lcd1602_i2c/Src/lcd1602_i2c.c:365:6:Lcd1602WriteByteToDataRegister	16	static
../Lcd1602_i2c/Src/lcd1602_i2c.c:371:6:Lcd1602ScreenClear	8	static
../Lcd1602_i2c/Src/lcd1602_i2c.c:377:6:Lcd1602CursorReturn	8	static
../Lcd1602_i2c/Src/lcd1602_i2c.c:383:6:Lcd1602MoveCursorToLeft	8	static
../Lcd1602_i2c/Src/lcd1602_i2c.c:389:6:Lcd1602MoveCursorToRight	8	static
../Lcd1602_i2c/Src/lcd1602_i2c.c:395:6:Lcd1602SetDecrementDirection	8	static
../Lcd1602_i2c/Src/lcd1602_i2c.c:401:6:Lcd1602SetIncrementDirection	8	static
../Lcd1602_i2c/Src/lcd1602_i2c.c:407:6:Lcd1602DisplayToLeft	8	static
../Lcd1602_i2c/Src/lcd1602_i2c.c:413:6:Lcd1602DisplayToRight	8	static
../Lcd1602_i2c/Src/lcd1602_i2c.c:419:6:Lcd1602ShowDisplay	8	static
../Lcd1602_i2c/Src/lcd1602_i2c.c:425:6:Lcd1602HideDisplay	8	static
../Lcd1602_i2c/Src/lcd1602_i2c.c:431:6:Lcd1602ShowCursor	8	static
../Lcd1602_i2c/Src/lcd1602_i2c.c:437:6:Lcd1602ShowBlinkCursor	8	static
../Lcd1602_i2c/Src/lcd1602_i2c.c:444:6:Lcd1602HideCursor	8	static
../Lcd1602_i2c/Src/lcd1602_i2c.c:451:6:Lcd1602BlinkCursorOn	8	static
../Lcd1602_i2c/Src/lcd1602_i2c.c:456:6:Lcd1602BlinkCursorOff	8	static
../Lcd1602_i2c/Src/lcd1602_i2c.c:461:6:Lcd1602SetCursor	16	static
../Lcd1602_i2c/Src/lcd1602_i2c.c:476:6:Lcd1602WriteString	32	static
../Lcd1602_i2c/Src/lcd1602_i2c.c:485:6:Lcd1602WriteNumber	32	static
../Lcd1602_i2c/Src/lcd1602_i2c.c:494:6:Lcd1602WriteFloat	32	static
../Lcd1602_i2c/Src/lcd1602_i2c.c:503:6:Lcd1602CreateCustomSymbol	24	static
