../Lcd1602/Src/lcd1602.c:49:6:Lcd1602Configure	24	static
../Lcd1602/Src/lcd1602.c:61:6:Lcd1602Configure4Bits	40	static
../Lcd1602/Src/lcd1602.c:72:6:Lcd1602Configure8Bits	40	static
../Lcd1602/Src/lcd1602.c:83:6:Lcd1602Initialize	8	static
../Lcd1602/Src/lcd1602.c:122:6:Lcd1602SetDataBusSize	16	static
../Lcd1602/Src/lcd1602.c:128:6:Lcd1602ConfigureDataBus	24	static
../Lcd1602/Src/lcd1602.c:137:6:Lcd1602ConfigureRS	16	static
../Lcd1602/Src/lcd1602.c:144:6:Lcd1602ConfigureE	16	static
../Lcd1602/Src/lcd1602.c:151:6:Lcd1602SetDataBusAndWrite	24	static
../Lcd1602/Src/lcd1602.c:167:6:Lcd1602SelectCommandDataRegister	16	static
../Lcd1602/Src/lcd1602.c:173:6:Lcd1602WriteByteToRegister	16	static
../Lcd1602/Src/lcd1602.c:191:6:Lcd1602Write2NibblesToCommandRegister	16	static
../Lcd1602/Src/lcd1602.c:202:6:Lcd1602WriteByteToCommandRegister	16	static
../Lcd1602/Src/lcd1602.c:207:6:Lcd1602WriteByteToDataRegister	16	static
../Lcd1602/Src/lcd1602.c:213:6:Lcd1602ScreenClear	8	static
../Lcd1602/Src/lcd1602.c:219:6:Lcd1602CursorReturn	8	static
../Lcd1602/Src/lcd1602.c:225:6:Lcd1602MoveCursorToLeft	8	static
../Lcd1602/Src/lcd1602.c:231:6:Lcd1602MoveCursorToRight	8	static
../Lcd1602/Src/lcd1602.c:237:6:Lcd1602SetDecrementDirection	8	static
../Lcd1602/Src/lcd1602.c:243:6:Lcd1602SetIncrementDirection	8	static
../Lcd1602/Src/lcd1602.c:249:6:Lcd1602DisplayToLeft	8	static
../Lcd1602/Src/lcd1602.c:255:6:Lcd1602DisplayToRight	8	static
../Lcd1602/Src/lcd1602.c:261:6:Lcd1602ShowDisplay	8	static
../Lcd1602/Src/lcd1602.c:267:6:Lcd1602HideDisplay	8	static
../Lcd1602/Src/lcd1602.c:273:6:Lcd1602ShowCursor	8	static
../Lcd1602/Src/lcd1602.c:279:6:Lcd1602ShowBlinkCursor	8	static
../Lcd1602/Src/lcd1602.c:286:6:Lcd1602HideCursor	8	static
../Lcd1602/Src/lcd1602.c:293:6:Lcd1602BlinkCursorOn	8	static
../Lcd1602/Src/lcd1602.c:298:6:Lcd1602BlinkCursorOff	8	static
../Lcd1602/Src/lcd1602.c:303:6:Lcd1602SetCursor	16	static
../Lcd1602/Src/lcd1602.c:318:6:Lcd1602WriteString	32	static
../Lcd1602/Src/lcd1602.c:327:6:Lcd1602WriteNumber	32	static
../Lcd1602/Src/lcd1602.c:336:6:Lcd1602WriteFloat	32	static
../Lcd1602/Src/lcd1602.c:345:6:Lcd1602CreateCustomSymbol	24	static
