../Lcd1602_i2c_tests/Src/lcd1602_i2c_tests.c:28:6:WriteStringTest	24	static
../Lcd1602_i2c_tests/Src/lcd1602_i2c_tests.c:42:6:ClearScreenTest	24	static
../Lcd1602_i2c_tests/Src/lcd1602_i2c_tests.c:54:6:ShowCursorTest	24	static
../Lcd1602_i2c_tests/Src/lcd1602_i2c_tests.c:66:6:ReturnCursorTest	24	static
../Lcd1602_i2c_tests/Src/lcd1602_i2c_tests.c:77:6:HideCursorTest	24	static
../Lcd1602_i2c_tests/Src/lcd1602_i2c_tests.c:88:6:HideDisplayTest	24	static
../Lcd1602_i2c_tests/Src/lcd1602_i2c_tests.c:100:6:ShowDisplayTest	24	static
../Lcd1602_i2c_tests/Src/lcd1602_i2c_tests.c:111:6:BlinkCursorOnTest	24	static
../Lcd1602_i2c_tests/Src/lcd1602_i2c_tests.c:124:6:BlinkCursorOffTest	24	static
../Lcd1602_i2c_tests/Src/lcd1602_i2c_tests.c:138:6:MoveCursorToRightTest	24	static
../Lcd1602_i2c_tests/Src/lcd1602_i2c_tests.c:155:6:MoveCursorToLeftTest	24	static
../Lcd1602_i2c_tests/Src/lcd1602_i2c_tests.c:172:6:SetCursorPositionTest	32	static
../Lcd1602_i2c_tests/Src/lcd1602_i2c_tests.c:206:6:WriteNumberTest	32	static
../Lcd1602_i2c_tests/Src/lcd1602_i2c_tests.c:223:6:WriteFloatTest	40	static
../Lcd1602_i2c_tests/Src/lcd1602_i2c_tests.c:243:6:WriteDecrementDirTest	8	static
../Lcd1602_i2c_tests/Src/lcd1602_i2c_tests.c:256:6:WriteIncrementDirTest	8	static
../Lcd1602_i2c_tests/Src/lcd1602_i2c_tests.c:269:6:MoveDisplayTest	16	static
../Lcd1602_i2c_tests/Src/lcd1602_i2c_tests.c:293:6:WriteCustomSymbolsTest	16	static
../Lcd1602_i2c_tests/Src/lcd1602_i2c_tests.c:317:6:TestsLCD1602	216	static
../Lcd1602_i2c_tests/Src/lcd1602_i2c_tests.c:397:9:ShowLCD1602Interface	80	static
../Lcd1602_i2c_tests/Src/lcd1602_i2c_tests.c:416:9:PrologueTestsLCD1602	144	static
../Lcd1602_i2c_tests/Src/lcd1602_i2c_tests.c:504:9:EpilogeTestsLCD1602	8	static
